2021-07-05 20:03:59,013 Connecting to server...
2021-07-05 20:03:59,451 Downloading rechnung21003.data
2021-07-05 20:03:59,637 226 Transfer complete
2021-07-05 20:04:49,520 Connecting to server...
2021-07-05 20:04:50,022 Downloading rechnung21003.data
2021-07-05 20:04:50,159 226 Transfer complete
2021-07-05 20:04:50,175 An error occurred while extracting data from a file
Traceback (most recent call last):
  File "C:\Users\grish\PycharmProjects\M112_LB2\process_invoices.py", line 57, in extract_invoice_data
    file_values['invoice_number'] = regex_extractor(file, 'Rechnung_([1-0]);')[0]
  File "C:\Users\grish\PycharmProjects\M112_LB2\process_invoices.py", line 65, in regex_extractor
    return re.findall(regex, text, flags=re.IGNORECASE)
  File "C:\Python39\lib\re.py", line 241, in findall
    return _compile(pattern, flags).findall(string)
  File "C:\Python39\lib\re.py", line 304, in _compile
    p = sre_compile.compile(pattern, flags)
  File "C:\Python39\lib\sre_compile.py", line 764, in compile
    p = sre_parse.parse(p, flags)
  File "C:\Python39\lib\sre_parse.py", line 948, in parse
    p = _parse_sub(source, state, flags & SRE_FLAG_VERBOSE, 0)
  File "C:\Python39\lib\sre_parse.py", line 443, in _parse_sub
    itemsappend(_parse(source, state, verbose, nested + 1,
  File "C:\Python39\lib\sre_parse.py", line 834, in _parse
    p = _parse_sub(source, state, sub_verbose, nested + 1)
  File "C:\Python39\lib\sre_parse.py", line 443, in _parse_sub
    itemsappend(_parse(source, state, verbose, nested + 1,
  File "C:\Python39\lib\sre_parse.py", line 598, in _parse
    raise source.error(msg, len(this) + 1 + len(that))
re.error: bad character range 1-0 at position 11
2021-07-05 20:05:20,015 Connecting to server...
2021-07-05 20:05:20,463 Downloading rechnung21003.data
2021-07-05 20:05:20,903 226 Transfer complete
2021-07-05 20:05:20,903 An error occurred while extracting data from a file
Traceback (most recent call last):
  File "C:\Users\grish\PycharmProjects\M112_LB2\process_invoices.py", line 58, in extract_invoice_data
    file_values['invoice_number'] = regex_extractor(file, 'Rechnung_([1-0]);')[0]
  File "C:\Users\grish\PycharmProjects\M112_LB2\process_invoices.py", line 66, in regex_extractor
    return re.findall(regex, text, flags=re.IGNORECASE)
  File "C:\Python39\lib\re.py", line 241, in findall
    return _compile(pattern, flags).findall(string)
  File "C:\Python39\lib\re.py", line 304, in _compile
    p = sre_compile.compile(pattern, flags)
  File "C:\Python39\lib\sre_compile.py", line 764, in compile
    p = sre_parse.parse(p, flags)
  File "C:\Python39\lib\sre_parse.py", line 948, in parse
    p = _parse_sub(source, state, flags & SRE_FLAG_VERBOSE, 0)
  File "C:\Python39\lib\sre_parse.py", line 443, in _parse_sub
    itemsappend(_parse(source, state, verbose, nested + 1,
  File "C:\Python39\lib\sre_parse.py", line 834, in _parse
    p = _parse_sub(source, state, sub_verbose, nested + 1)
  File "C:\Python39\lib\sre_parse.py", line 443, in _parse_sub
    itemsappend(_parse(source, state, verbose, nested + 1,
  File "C:\Python39\lib\sre_parse.py", line 598, in _parse
    raise source.error(msg, len(this) + 1 + len(that))
re.error: bad character range 1-0 at position 11
2021-07-05 20:05:34,685 Connecting to server...
2021-07-05 20:05:35,150 Downloading rechnung21003.data
2021-07-05 20:05:35,273 226 Transfer complete
2021-07-05 20:37:28,445 Connecting to server...
2021-07-05 20:37:28,777 Downloading rechnung21003.data
2021-07-05 20:37:28,931 226 Transfer complete
2021-07-05 20:37:28,931 An error occurred
Traceback (most recent call last):
  File "C:\Users\grish\PycharmProjects\M112_LB2\process_invoices.py", line 59, in analyse_files
    extract_invoice_data(file_content_text)
  File "C:\Users\grish\PycharmProjects\M112_LB2\process_invoices.py", line 71, in extract_invoice_data
    raise value_error
  File "C:\Users\grish\PycharmProjects\M112_LB2\process_invoices.py", line 68, in extract_invoice_data
    file_values['invoice_number'] = regex_extractor(file, 'Rechnung_([0-9]);', True)[0]
  File "C:\Users\grish\PycharmProjects\M112_LB2\process_invoices.py", line 82, in regex_extractor
    raise ValueNotFoundError(f'No result for required expression {regex}')
ValueNotFoundError: No result for required expression Rechnung_([0-9]);

During handling of the above exception, another exception occurred:

Traceback (most recent call last):
  File "C:\Users\grish\PycharmProjects\M112_LB2\process_invoices.py", line 97, in <module>
    analyse_files()
  File "C:\Users\grish\PycharmProjects\M112_LB2\process_invoices.py", line 61, in analyse_files
    raise type(value_error)(str(value_error) + f' in file {file}').with_traceback(sys.exc_info()[2])
  File "C:\Users\grish\PycharmProjects\M112_LB2\process_invoices.py", line 59, in analyse_files
    extract_invoice_data(file_content_text)
  File "C:\Users\grish\PycharmProjects\M112_LB2\process_invoices.py", line 71, in extract_invoice_data
    raise value_error
  File "C:\Users\grish\PycharmProjects\M112_LB2\process_invoices.py", line 68, in extract_invoice_data
    file_values['invoice_number'] = regex_extractor(file, 'Rechnung_([0-9]);', True)[0]
  File "C:\Users\grish\PycharmProjects\M112_LB2\process_invoices.py", line 82, in regex_extractor
    raise ValueNotFoundError(f'No result for required expression {regex}')
ValueNotFoundError: No result for required expression Rechnung_([0-9]); in file rechnung21003.data
2021-07-05 20:39:17,353 Connecting to server...
2021-07-05 20:39:17,785 Downloading rechnung21003.data
2021-07-05 20:39:17,916 226 Transfer complete
2021-07-05 20:39:17,916 An error occurred while extracting data from a file
Traceback (most recent call last):
  File "C:\Users\grish\PycharmProjects\M112_LB2\process_invoices.py", line 68, in extract_invoice_data
    file_values['invoice_number'] = regex_extractor(file, 'Rechnung_([0-9]+);', True)[0]
TypeError: 'NoneType' object is not subscriptable
2021-07-05 20:39:43,291 Connecting to server...
2021-07-05 20:39:43,755 Downloading rechnung21003.data
2021-07-05 20:39:43,910 226 Transfer complete
2021-07-05 20:42:59,378 Connecting to server...
2021-07-05 20:42:59,801 Downloading rechnung21003.data
2021-07-05 20:42:59,949 226 Transfer complete
2021-07-05 20:42:59,964 An error occurred
Traceback (most recent call last):
  File "C:\Users\grish\PycharmProjects\M112_LB2\process_invoices.py", line 59, in analyse_files
    extract_invoice_data(file_content_text)
  File "C:\Users\grish\PycharmProjects\M112_LB2\process_invoices.py", line 71, in extract_invoice_data
    raise value_error
  File "C:\Users\grish\PycharmProjects\M112_LB2\process_invoices.py", line 68, in extract_invoice_data
    file_values['invoice_number'] = regex_extractor(file, r'Rechnung_([0-9]);', True)[0]
  File "C:\Users\grish\PycharmProjects\M112_LB2\process_invoices.py", line 82, in regex_extractor
    raise ValueNotFoundError(f'No result for required expression {regex}')
ValueNotFoundError: No result for required expression Rechnung_([0-9]);

During handling of the above exception, another exception occurred:

Traceback (most recent call last):
  File "C:\Users\grish\PycharmProjects\M112_LB2\process_invoices.py", line 99, in <module>
    analyse_files()
  File "C:\Users\grish\PycharmProjects\M112_LB2\process_invoices.py", line 61, in analyse_files
    raise type(value_error)(str(value_error) + f' in file {file}').with_traceback(sys.exc_info()[2])
  File "C:\Users\grish\PycharmProjects\M112_LB2\process_invoices.py", line 59, in analyse_files
    extract_invoice_data(file_content_text)
  File "C:\Users\grish\PycharmProjects\M112_LB2\process_invoices.py", line 71, in extract_invoice_data
    raise value_error
  File "C:\Users\grish\PycharmProjects\M112_LB2\process_invoices.py", line 68, in extract_invoice_data
    file_values['invoice_number'] = regex_extractor(file, r'Rechnung_([0-9]);', True)[0]
  File "C:\Users\grish\PycharmProjects\M112_LB2\process_invoices.py", line 82, in regex_extractor
    raise ValueNotFoundError(f'No result for required expression {regex}')
ValueNotFoundError: No result for required expression Rechnung_([0-9]); in file rechnung21003.data
2021-07-05 23:01:52,994 Connecting to server...
2021-07-05 23:01:54,647 Downloading rechnung21003.data
2021-07-05 23:01:54,873 226 Transfer complete
2021-07-05 23:01:54,876 C:\Users\grish\PycharmProjects\M112_LB2\process_invoices.py:88: FutureWarning: Possible nested set at position 24
  result = re.findall(regex, text, flags=re.IGNORECASE)

2021-07-05 23:01:54,876 An error occurred
Traceback (most recent call last):
  File "C:\Users\grish\PycharmProjects\M112_LB2\process_invoices.py", line 59, in analyse_files
    extract_invoice_data(file_content_text)
  File "C:\Users\grish\PycharmProjects\M112_LB2\process_invoices.py", line 80, in extract_invoice_data
    raise value_error
  File "C:\Users\grish\PycharmProjects\M112_LB2\process_invoices.py", line 70, in extract_invoice_data
    file_values['send_place'] = regex_extractor(file, r'[a-z_0-9]+;[a-z_0-9]+;([[a-z\u00F0-\u02AF]+);', True)
  File "C:\Users\grish\PycharmProjects\M112_LB2\process_invoices.py", line 91, in regex_extractor
    raise ValueNotFoundError(f'No result for required expression "{regex}"')
ValueNotFoundError: No result for required expression "[a-z_0-9]+;[a-z_0-9]+;([[a-z\u00F0-\u02AF]+);"

During handling of the above exception, another exception occurred:

Traceback (most recent call last):
  File "C:\Users\grish\PycharmProjects\M112_LB2\process_invoices.py", line 108, in <module>
    analyse_files()
  File "C:\Users\grish\PycharmProjects\M112_LB2\process_invoices.py", line 61, in analyse_files
    raise type(value_error)(str(value_error) + f' in file "{file}"').with_traceback(sys.exc_info()[2])
  File "C:\Users\grish\PycharmProjects\M112_LB2\process_invoices.py", line 59, in analyse_files
    extract_invoice_data(file_content_text)
  File "C:\Users\grish\PycharmProjects\M112_LB2\process_invoices.py", line 80, in extract_invoice_data
    raise value_error
  File "C:\Users\grish\PycharmProjects\M112_LB2\process_invoices.py", line 70, in extract_invoice_data
    file_values['send_place'] = regex_extractor(file, r'[a-z_0-9]+;[a-z_0-9]+;([[a-z\u00F0-\u02AF]+);', True)
  File "C:\Users\grish\PycharmProjects\M112_LB2\process_invoices.py", line 91, in regex_extractor
    raise ValueNotFoundError(f'No result for required expression "{regex}"')
ValueNotFoundError: No result for required expression "[a-z_0-9]+;[a-z_0-9]+;([[a-z\u00F0-\u02AF]+);" in file "rechnung21003.data"
2021-07-06 21:50:50,923 Connecting to server...
2021-07-06 21:50:51,363 Downloading rechnung21003.data
2021-07-06 21:50:51,541 226 Transfer complete
2021-07-06 21:50:51,547 An error occurred while extracting data from a file
Traceback (most recent call last):
  File "C:\Users\grish\PycharmProjects\M112_LB2\process_invoices.py", line 68, in extract_invoice_data
    file_values['invoice_number'] = regex_extractor(file, r'Rechnung_([0-9]+);', True)
  File "C:\Users\grish\PycharmProjects\M112_LB2\process_invoices.py", line 92, in regex_extractor
    if required & result is None:
TypeError: unsupported operand type(s) for &: 'bool' and 'NoneType'
2021-07-06 21:57:51,550 Connecting to server...
2021-07-06 21:57:52,004 Downloading rechnung21003.data
2021-07-06 21:57:52,184 226 Transfer complete
2021-07-06 21:57:52,192 C:\Users\grish\PycharmProjects\M112_LB2\process_invoices.py:90: FutureWarning: Possible nested set at position 24
  result = re.findall(regex, text, flags=re.IGNORECASE)

2021-07-06 21:57:52,192 An error occurred
Traceback (most recent call last):
  File "C:\Users\grish\PycharmProjects\M112_LB2\process_invoices.py", line 59, in analyse_files
    extract_invoice_data(file_content_text)
  File "C:\Users\grish\PycharmProjects\M112_LB2\process_invoices.py", line 82, in extract_invoice_data
    raise value_error
  File "C:\Users\grish\PycharmProjects\M112_LB2\process_invoices.py", line 70, in extract_invoice_data
    file_values['send_place'] = regex_extractor(file, r'[a-z_0-9]+;[a-z_0-9]+;([[a-z\u00F0-\u02AF]+);', True)  # FAILS
  File "C:\Users\grish\PycharmProjects\M112_LB2\process_invoices.py", line 93, in regex_extractor
    raise ValueNotFoundError(f'No result for required expression "{regex}"')
ValueNotFoundError: No result for required expression "[a-z_0-9]+;[a-z_0-9]+;([[a-z\u00F0-\u02AF]+);"

During handling of the above exception, another exception occurred:

Traceback (most recent call last):
  File "C:\Users\grish\PycharmProjects\M112_LB2\process_invoices.py", line 110, in <module>
    analyse_files()
  File "C:\Users\grish\PycharmProjects\M112_LB2\process_invoices.py", line 61, in analyse_files
    raise type(value_error)(str(value_error) + f' in file "{file}"').with_traceback(sys.exc_info()[2])
  File "C:\Users\grish\PycharmProjects\M112_LB2\process_invoices.py", line 59, in analyse_files
    extract_invoice_data(file_content_text)
  File "C:\Users\grish\PycharmProjects\M112_LB2\process_invoices.py", line 82, in extract_invoice_data
    raise value_error
  File "C:\Users\grish\PycharmProjects\M112_LB2\process_invoices.py", line 70, in extract_invoice_data
    file_values['send_place'] = regex_extractor(file, r'[a-z_0-9]+;[a-z_0-9]+;([[a-z\u00F0-\u02AF]+);', True)  # FAILS
  File "C:\Users\grish\PycharmProjects\M112_LB2\process_invoices.py", line 93, in regex_extractor
    raise ValueNotFoundError(f'No result for required expression "{regex}"')
ValueNotFoundError: No result for required expression "[a-z_0-9]+;[a-z_0-9]+;([[a-z\u00F0-\u02AF]+);" in file "rechnung21003.data"
2021-07-06 22:00:32,641 Connecting to server...
2021-07-06 22:00:33,011 Downloading rechnung21003.data
2021-07-06 22:00:33,358 226 Transfer complete
2021-07-06 22:00:33,374 C:\Users\grish\PycharmProjects\M112_LB2\process_invoices.py:90: FutureWarning: Possible nested set at position 24
  result = re.findall(regex, text, flags=re.IGNORECASE)

2021-07-06 22:00:33,374 An error occurred
Traceback (most recent call last):
  File "C:\Users\grish\PycharmProjects\M112_LB2\process_invoices.py", line 59, in analyse_files
    extract_invoice_data(file_content_text)
  File "C:\Users\grish\PycharmProjects\M112_LB2\process_invoices.py", line 82, in extract_invoice_data
    raise value_error
  File "C:\Users\grish\PycharmProjects\M112_LB2\process_invoices.py", line 70, in extract_invoice_data
    file_values['send_place'] = regex_extractor(file, r'[a-z_0-9]+;[a-z_0-9]+;([[a-z\u00F0-\u02AF]+);', 'Send Place')  # FAILS
  File "C:\Users\grish\PycharmProjects\M112_LB2\process_invoices.py", line 93, in regex_extractor
    raise ValueNotFoundError(f'Could not find required value "{required}"')
ValueNotFoundError: Could not find required value "Send Place"

During handling of the above exception, another exception occurred:

Traceback (most recent call last):
  File "C:\Users\grish\PycharmProjects\M112_LB2\process_invoices.py", line 110, in <module>
    analyse_files()
  File "C:\Users\grish\PycharmProjects\M112_LB2\process_invoices.py", line 61, in analyse_files
    raise type(value_error)(str(value_error) + f' in file "{file}"').with_traceback(sys.exc_info()[2])
  File "C:\Users\grish\PycharmProjects\M112_LB2\process_invoices.py", line 59, in analyse_files
    extract_invoice_data(file_content_text)
  File "C:\Users\grish\PycharmProjects\M112_LB2\process_invoices.py", line 82, in extract_invoice_data
    raise value_error
  File "C:\Users\grish\PycharmProjects\M112_LB2\process_invoices.py", line 70, in extract_invoice_data
    file_values['send_place'] = regex_extractor(file, r'[a-z_0-9]+;[a-z_0-9]+;([[a-z\u00F0-\u02AF]+);', 'Send Place')  # FAILS
  File "C:\Users\grish\PycharmProjects\M112_LB2\process_invoices.py", line 93, in regex_extractor
    raise ValueNotFoundError(f'Could not find required value "{required}"')
ValueNotFoundError: Could not find required value "Send Place" in file "rechnung21003.data"
2021-07-06 22:01:04,627 Connecting to server...
2021-07-06 22:01:04,967 Downloading rechnung21003.data
2021-07-06 22:01:05,083 226 Transfer complete
2021-07-06 22:01:05,083 An error occurred
Traceback (most recent call last):
  File "C:\Users\grish\PycharmProjects\M112_LB2\process_invoices.py", line 59, in analyse_files
    extract_invoice_data(file_content_text)
  File "C:\Users\grish\PycharmProjects\M112_LB2\process_invoices.py", line 82, in extract_invoice_data
    raise value_error
  File "C:\Users\grish\PycharmProjects\M112_LB2\process_invoices.py", line 70, in extract_invoice_data
    file_values['send_place'] = regex_extractor(file, r'[a-z_0-9]+;[a-z_0-9]+;([a-z\u00F0-\u02AF]+);', 'Send Place')
  File "C:\Users\grish\PycharmProjects\M112_LB2\process_invoices.py", line 93, in regex_extractor
    raise ValueNotFoundError(f'Could not find required value "{required}"')
ValueNotFoundError: Could not find required value "Send Place"

During handling of the above exception, another exception occurred:

Traceback (most recent call last):
  File "C:\Users\grish\PycharmProjects\M112_LB2\process_invoices.py", line 110, in <module>
    analyse_files()
  File "C:\Users\grish\PycharmProjects\M112_LB2\process_invoices.py", line 61, in analyse_files
    raise type(value_error)(str(value_error) + f' in file "{file}"').with_traceback(sys.exc_info()[2])
  File "C:\Users\grish\PycharmProjects\M112_LB2\process_invoices.py", line 59, in analyse_files
    extract_invoice_data(file_content_text)
  File "C:\Users\grish\PycharmProjects\M112_LB2\process_invoices.py", line 82, in extract_invoice_data
    raise value_error
  File "C:\Users\grish\PycharmProjects\M112_LB2\process_invoices.py", line 70, in extract_invoice_data
    file_values['send_place'] = regex_extractor(file, r'[a-z_0-9]+;[a-z_0-9]+;([a-z\u00F0-\u02AF]+);', 'Send Place')
  File "C:\Users\grish\PycharmProjects\M112_LB2\process_invoices.py", line 93, in regex_extractor
    raise ValueNotFoundError(f'Could not find required value "{required}"')
ValueNotFoundError: Could not find required value "Send Place" in file "rechnung21003.data"
2021-07-06 22:01:33,092 Connecting to server...
2021-07-06 22:01:33,479 Downloading rechnung21003.data
2021-07-06 22:01:33,711 226 Transfer complete
2021-07-06 22:01:33,711 An error occurred while extracting data from a file
Traceback (most recent call last):
  File "C:\Users\grish\PycharmProjects\M112_LB2\process_invoices.py", line 70, in extract_invoice_data
    file_values['send_place'] = regex_extractor(file, r'[a-z_0-9]+;[a-z_0-9]+;([a-z\u00F0-\u02AF]+);', 'Send Place')
  File "C:\Users\grish\PycharmProjects\M112_LB2\process_invoices.py", line 95, in regex_extractor
    return result[0]
IndexError: list index out of range
2021-07-06 22:02:02,163 Connecting to server...
2021-07-06 22:02:02,580 Downloading rechnung21003.data
2021-07-06 22:02:02,697 226 Transfer complete
2021-07-06 22:02:02,712 An error occurred
Traceback (most recent call last):
  File "C:\Users\grish\PycharmProjects\M112_LB2\process_invoices.py", line 59, in analyse_files
    extract_invoice_data(file_content_text)
  File "C:\Users\grish\PycharmProjects\M112_LB2\process_invoices.py", line 82, in extract_invoice_data
    raise value_error
  File "C:\Users\grish\PycharmProjects\M112_LB2\process_invoices.py", line 70, in extract_invoice_data
    file_values['send_place'] = regex_extractor(file, r'[a-z_0-9]+;[a-z_0-9]+;([a-z\u00F0-\u02AF]+);', 'Send Place')
  File "C:\Users\grish\PycharmProjects\M112_LB2\process_invoices.py", line 93, in regex_extractor
    raise ValueNotFoundError(f'Could not find required value "{required}"')
ValueNotFoundError: Could not find required value "Send Place"

During handling of the above exception, another exception occurred:

Traceback (most recent call last):
  File "C:\Users\grish\PycharmProjects\M112_LB2\process_invoices.py", line 110, in <module>
    analyse_files()
  File "C:\Users\grish\PycharmProjects\M112_LB2\process_invoices.py", line 61, in analyse_files
    raise type(value_error)(str(value_error) + f' in file "{file}"').with_traceback(sys.exc_info()[2])
  File "C:\Users\grish\PycharmProjects\M112_LB2\process_invoices.py", line 59, in analyse_files
    extract_invoice_data(file_content_text)
  File "C:\Users\grish\PycharmProjects\M112_LB2\process_invoices.py", line 82, in extract_invoice_data
    raise value_error
  File "C:\Users\grish\PycharmProjects\M112_LB2\process_invoices.py", line 70, in extract_invoice_data
    file_values['send_place'] = regex_extractor(file, r'[a-z_0-9]+;[a-z_0-9]+;([a-z\u00F0-\u02AF]+);', 'Send Place')
  File "C:\Users\grish\PycharmProjects\M112_LB2\process_invoices.py", line 93, in regex_extractor
    raise ValueNotFoundError(f'Could not find required value "{required}"')
ValueNotFoundError: Could not find required value "Send Place" in file "rechnung21003.data"
2021-07-06 22:07:29,068 Connecting to server...
2021-07-06 22:07:29,411 Downloading rechnung21003.data
2021-07-06 22:07:29,530 226 Transfer complete
2021-07-06 22:07:29,546 An error occurred
Traceback (most recent call last):
  File "C:\Users\grish\PycharmProjects\M112_LB2\process_invoices.py", line 59, in analyse_files
    extract_invoice_data(file_content_text)
  File "C:\Users\grish\PycharmProjects\M112_LB2\process_invoices.py", line 82, in extract_invoice_data
    raise value_error
  File "C:\Users\grish\PycharmProjects\M112_LB2\process_invoices.py", line 70, in extract_invoice_data
    file_values['send_place'] = regex_extractor(file, r'"[a-z_0-9]+;[a-z_0-9]+;([a-zהצ]+);"is', 'Send Place')
  File "C:\Users\grish\PycharmProjects\M112_LB2\process_invoices.py", line 93, in regex_extractor
    raise ValueNotFoundError(f'Could not find required value "{required}"')
ValueNotFoundError: Could not find required value "Send Place"

During handling of the above exception, another exception occurred:

Traceback (most recent call last):
  File "C:\Users\grish\PycharmProjects\M112_LB2\process_invoices.py", line 110, in <module>
    analyse_files()
  File "C:\Users\grish\PycharmProjects\M112_LB2\process_invoices.py", line 61, in analyse_files
    raise type(value_error)(str(value_error) + f' in file "{file}"').with_traceback(sys.exc_info()[2])
  File "C:\Users\grish\PycharmProjects\M112_LB2\process_invoices.py", line 59, in analyse_files
    extract_invoice_data(file_content_text)
  File "C:\Users\grish\PycharmProjects\M112_LB2\process_invoices.py", line 82, in extract_invoice_data
    raise value_error
  File "C:\Users\grish\PycharmProjects\M112_LB2\process_invoices.py", line 70, in extract_invoice_data
    file_values['send_place'] = regex_extractor(file, r'"[a-z_0-9]+;[a-z_0-9]+;([a-zהצ]+);"is', 'Send Place')
  File "C:\Users\grish\PycharmProjects\M112_LB2\process_invoices.py", line 93, in regex_extractor
    raise ValueNotFoundError(f'Could not find required value "{required}"')
ValueNotFoundError: Could not find required value "Send Place" in file "rechnung21003.data"
2021-07-06 22:09:21,640 Connecting to server...
2021-07-06 22:09:22,946 Downloading rechnung21003.data
2021-07-06 22:09:23,184 226 Transfer complete
2021-07-06 22:09:23,184 An error occurred
Traceback (most recent call last):
  File "C:\Users\grish\PycharmProjects\M112_LB2\process_invoices.py", line 111, in <module>
    analyse_files()
  File "C:\Users\grish\PycharmProjects\M112_LB2\process_invoices.py", line 57, in analyse_files
    with open(file=f'{PATH_TO_FILES}{file}', mode='r', errors='strict', encoding='uft8') as f:
LookupError: unknown encoding: uft8
2021-07-06 22:09:29,914 Connecting to server...
2021-07-06 22:09:30,882 Downloading rechnung21003.data
2021-07-06 22:09:30,998 226 Transfer complete
2021-07-06 22:09:30,998 An error occurred
Traceback (most recent call last):
  File "C:\Users\grish\PycharmProjects\M112_LB2\process_invoices.py", line 60, in analyse_files
    extract_invoice_data(file_content_text)
  File "C:\Users\grish\PycharmProjects\M112_LB2\process_invoices.py", line 83, in extract_invoice_data
    raise value_error
  File "C:\Users\grish\PycharmProjects\M112_LB2\process_invoices.py", line 71, in extract_invoice_data
    file_values['send_place'] = regex_extractor(file, r'"[a-z_0-9]+;[a-z_0-9]+;([a-zהצ]+);"is', 'Send Place')
  File "C:\Users\grish\PycharmProjects\M112_LB2\process_invoices.py", line 94, in regex_extractor
    raise ValueNotFoundError(f'Could not find required value "{required}"')
ValueNotFoundError: Could not find required value "Send Place"

During handling of the above exception, another exception occurred:

Traceback (most recent call last):
  File "C:\Users\grish\PycharmProjects\M112_LB2\process_invoices.py", line 111, in <module>
    analyse_files()
  File "C:\Users\grish\PycharmProjects\M112_LB2\process_invoices.py", line 62, in analyse_files
    raise type(value_error)(str(value_error) + f' in file "{file}"').with_traceback(sys.exc_info()[2])
  File "C:\Users\grish\PycharmProjects\M112_LB2\process_invoices.py", line 60, in analyse_files
    extract_invoice_data(file_content_text)
  File "C:\Users\grish\PycharmProjects\M112_LB2\process_invoices.py", line 83, in extract_invoice_data
    raise value_error
  File "C:\Users\grish\PycharmProjects\M112_LB2\process_invoices.py", line 71, in extract_invoice_data
    file_values['send_place'] = regex_extractor(file, r'"[a-z_0-9]+;[a-z_0-9]+;([a-zהצ]+);"is', 'Send Place')
  File "C:\Users\grish\PycharmProjects\M112_LB2\process_invoices.py", line 94, in regex_extractor
    raise ValueNotFoundError(f'Could not find required value "{required}"')
ValueNotFoundError: Could not find required value "Send Place" in file "rechnung21003.data"
2021-07-06 22:12:42,990 Connecting to server...
2021-07-06 22:12:43,405 Downloading rechnung21003.data
2021-07-06 22:12:43,537 226 Transfer complete
2021-07-06 22:12:43,552 An error occurred
Traceback (most recent call last):
  File "C:\Users\grish\PycharmProjects\M112_LB2\process_invoices.py", line 60, in analyse_files
    extract_invoice_data(file_content_text)
  File "C:\Users\grish\PycharmProjects\M112_LB2\process_invoices.py", line 83, in extract_invoice_data
    raise value_error
  File "C:\Users\grish\PycharmProjects\M112_LB2\process_invoices.py", line 71, in extract_invoice_data
    file_values['send_place'] = regex_extractor(file, r'"[a-z_0-9]+;[a-z_0-9]+;([a-zהצ]+);"', 'Send Place')
  File "C:\Users\grish\PycharmProjects\M112_LB2\process_invoices.py", line 94, in regex_extractor
    raise ValueNotFoundError(f'Could not find required value "{required}"')
ValueNotFoundError: Could not find required value "Send Place"

During handling of the above exception, another exception occurred:

Traceback (most recent call last):
  File "C:\Users\grish\PycharmProjects\M112_LB2\process_invoices.py", line 111, in <module>
    analyse_files()
  File "C:\Users\grish\PycharmProjects\M112_LB2\process_invoices.py", line 62, in analyse_files
    raise type(value_error)(str(value_error) + f' in file "{file}"').with_traceback(sys.exc_info()[2])
  File "C:\Users\grish\PycharmProjects\M112_LB2\process_invoices.py", line 60, in analyse_files
    extract_invoice_data(file_content_text)
  File "C:\Users\grish\PycharmProjects\M112_LB2\process_invoices.py", line 83, in extract_invoice_data
    raise value_error
  File "C:\Users\grish\PycharmProjects\M112_LB2\process_invoices.py", line 71, in extract_invoice_data
    file_values['send_place'] = regex_extractor(file, r'"[a-z_0-9]+;[a-z_0-9]+;([a-zהצ]+);"', 'Send Place')
  File "C:\Users\grish\PycharmProjects\M112_LB2\process_invoices.py", line 94, in regex_extractor
    raise ValueNotFoundError(f'Could not find required value "{required}"')
ValueNotFoundError: Could not find required value "Send Place" in file "rechnung21003.data"
2021-07-06 22:12:52,868 Connecting to server...
2021-07-06 22:12:53,437 Downloading rechnung21003.data
2021-07-06 22:12:53,568 226 Transfer complete
2021-07-06 22:12:53,568 C:\Users\grish\PycharmProjects\M112_LB2\process_invoices.py:91: FutureWarning: Possible nested set at position 23
  result = re.findall(regex, text, flags=re.IGNORECASE)

2021-07-06 22:13:24,350 Connecting to server...
2021-07-06 22:13:24,720 Downloading rechnung21003.data
2021-07-06 22:13:24,867 226 Transfer complete
2021-07-06 22:13:24,882 C:\Users\grish\PycharmProjects\M112_LB2\process_invoices.py:91: FutureWarning: Possible nested set at position 23
  result = re.findall(regex, text, flags=re.IGNORECASE)

2021-07-06 22:15:15,945 Connecting to server...
2021-07-06 22:15:16,378 Downloading rechnung21003.data
2021-07-06 22:15:16,484 226 Transfer complete
2021-07-06 22:15:16,484 C:\Users\grish\PycharmProjects\M112_LB2\process_invoices.py:91: FutureWarning: Possible nested set at position 23
  result = re.findall(regex, text, flags=re.IGNORECASE)

2021-07-06 22:15:16,484 An error occurred
Traceback (most recent call last):
  File "C:\Users\grish\PycharmProjects\M112_LB2\process_invoices.py", line 60, in analyse_files
    extract_invoice_data(file_content_text)
  File "C:\Users\grish\PycharmProjects\M112_LB2\process_invoices.py", line 83, in extract_invoice_data
    raise value_error
  File "C:\Users\grish\PycharmProjects\M112_LB2\process_invoices.py", line 79, in extract_invoice_data
    file_values['sender_id'] = regex_extractor(file, r'"Herkunft;([0-9]+);"is', 'Sender ID')
  File "C:\Users\grish\PycharmProjects\M112_LB2\process_invoices.py", line 94, in regex_extractor
    raise ValueNotFoundError(f'Could not find required value "{required}"')
ValueNotFoundError: Could not find required value "Sender ID"

During handling of the above exception, another exception occurred:

Traceback (most recent call last):
  File "C:\Users\grish\PycharmProjects\M112_LB2\process_invoices.py", line 111, in <module>
    analyse_files()
  File "C:\Users\grish\PycharmProjects\M112_LB2\process_invoices.py", line 62, in analyse_files
    raise type(value_error)(str(value_error) + f' in file "{file}"').with_traceback(sys.exc_info()[2])
  File "C:\Users\grish\PycharmProjects\M112_LB2\process_invoices.py", line 60, in analyse_files
    extract_invoice_data(file_content_text)
  File "C:\Users\grish\PycharmProjects\M112_LB2\process_invoices.py", line 83, in extract_invoice_data
    raise value_error
  File "C:\Users\grish\PycharmProjects\M112_LB2\process_invoices.py", line 79, in extract_invoice_data
    file_values['sender_id'] = regex_extractor(file, r'"Herkunft;([0-9]+);"is', 'Sender ID')
  File "C:\Users\grish\PycharmProjects\M112_LB2\process_invoices.py", line 94, in regex_extractor
    raise ValueNotFoundError(f'Could not find required value "{required}"')
ValueNotFoundError: Could not find required value "Sender ID" in file "rechnung21003.data"
2021-07-06 22:15:22,809 Connecting to server...
2021-07-06 22:15:23,257 Downloading rechnung21003.data
2021-07-06 22:15:23,379 226 Transfer complete
2021-07-06 22:15:23,379 C:\Users\grish\PycharmProjects\M112_LB2\process_invoices.py:91: FutureWarning: Possible nested set at position 23
  result = re.findall(regex, text, flags=re.IGNORECASE)

2021-07-06 22:15:23,395 An error occurred
Traceback (most recent call last):
  File "C:\Users\grish\PycharmProjects\M112_LB2\process_invoices.py", line 60, in analyse_files
    extract_invoice_data(file_content_text)
  File "C:\Users\grish\PycharmProjects\M112_LB2\process_invoices.py", line 83, in extract_invoice_data
    raise value_error
  File "C:\Users\grish\PycharmProjects\M112_LB2\process_invoices.py", line 79, in extract_invoice_data
    file_values['sender_id'] = regex_extractor(file, r'"Herkunft;([0-9]+);"', 'Sender ID')
  File "C:\Users\grish\PycharmProjects\M112_LB2\process_invoices.py", line 94, in regex_extractor
    raise ValueNotFoundError(f'Could not find required value "{required}"')
ValueNotFoundError: Could not find required value "Sender ID"

During handling of the above exception, another exception occurred:

Traceback (most recent call last):
  File "C:\Users\grish\PycharmProjects\M112_LB2\process_invoices.py", line 111, in <module>
    analyse_files()
  File "C:\Users\grish\PycharmProjects\M112_LB2\process_invoices.py", line 62, in analyse_files
    raise type(value_error)(str(value_error) + f' in file "{file}"').with_traceback(sys.exc_info()[2])
  File "C:\Users\grish\PycharmProjects\M112_LB2\process_invoices.py", line 60, in analyse_files
    extract_invoice_data(file_content_text)
  File "C:\Users\grish\PycharmProjects\M112_LB2\process_invoices.py", line 83, in extract_invoice_data
    raise value_error
  File "C:\Users\grish\PycharmProjects\M112_LB2\process_invoices.py", line 79, in extract_invoice_data
    file_values['sender_id'] = regex_extractor(file, r'"Herkunft;([0-9]+);"', 'Sender ID')
  File "C:\Users\grish\PycharmProjects\M112_LB2\process_invoices.py", line 94, in regex_extractor
    raise ValueNotFoundError(f'Could not find required value "{required}"')
ValueNotFoundError: Could not find required value "Sender ID" in file "rechnung21003.data"
2021-07-06 22:15:46,456 Connecting to server...
2021-07-06 22:15:46,843 Downloading rechnung21003.data
2021-07-06 22:15:46,959 226 Transfer complete
2021-07-06 22:15:46,959 C:\Users\grish\PycharmProjects\M112_LB2\process_invoices.py:91: FutureWarning: Possible nested set at position 23
  result = re.findall(regex, text, flags=re.IGNORECASE)

2021-07-06 22:19:49,461 Connecting to server...
2021-07-06 22:19:49,800 Downloading rechnung21003.data
2021-07-06 22:19:49,917 226 Transfer complete
2021-07-06 22:19:49,917 C:\Users\grish\PycharmProjects\M112_LB2\process_invoices.py:91: FutureWarning: Possible nested set at position 23
  result = re.findall(regex, text, flags=re.IGNORECASE)

2021-07-06 22:23:49,872 Connecting to server...
2021-07-06 22:23:50,228 Downloading rechnung21003.data
2021-07-06 22:23:50,359 226 Transfer complete
2021-07-06 22:23:50,359 C:\Users\grish\PycharmProjects\M112_LB2\process_invoices.py:93: FutureWarning: Possible nested set at position 23
  result = re.findall(regex, text, flags=re.IGNORECASE)

2021-07-06 22:34:18,121 Connecting to server...
2021-07-06 22:34:18,576 Downloading rechnung21003.data
2021-07-06 22:34:18,780 226 Transfer complete
2021-07-06 22:34:18,784 C:\Users\grish\PycharmProjects\M112_LB2\process_invoices.py:102: FutureWarning: Possible nested set at position 23
  result = re.findall(regex, text, flags=re.IGNORECASE)

2021-07-06 22:34:18,788 An error occurred while extracting data from a file
Traceback (most recent call last):
  File "C:\Users\grish\PycharmProjects\M112_LB2\process_invoices.py", line 90, in extract_invoice_data
    file_values['sender_place'] = regex_extractor(file, r'')
TypeError: regex_extractor() missing 1 required positional argument: 'required'
2021-07-06 22:43:05,868 Connecting to server...
2021-07-06 22:43:06,375 Downloading rechnung21003.data
2021-07-06 22:43:06,518 226 Transfer complete
2021-07-06 22:43:06,521 C:\Users\grish\PycharmProjects\M112_LB2\process_invoices.py:105: FutureWarning: Possible nested set at position 23
  result = re.findall(regex, text, flags=re.IGNORECASE)

2021-07-06 22:43:06,528 An error occurred
Traceback (most recent call last):
  File "C:\Users\grish\PycharmProjects\M112_LB2\process_invoices.py", line 59, in analyse_files
    extract_invoice_data(file_content_text)
  File "C:\Users\grish\PycharmProjects\M112_LB2\process_invoices.py", line 97, in extract_invoice_data
    raise value_error
  File "C:\Users\grish\PycharmProjects\M112_LB2\process_invoices.py", line 93, in extract_invoice_data
    file_values['email'] = regex_extractor(file, r'(^[a-zA-Z0-9_.+-]+@[a-zA-Z0-9-]+\.[a-zA-Z0-9-.]+$)', 'Email')
  File "C:\Users\grish\PycharmProjects\M112_LB2\process_invoices.py", line 108, in regex_extractor
    raise ValueNotFoundError(f'Could not find required value "{required}"')
ValueNotFoundError: Could not find required value "Email"

During handling of the above exception, another exception occurred:

Traceback (most recent call last):
  File "C:\Users\grish\PycharmProjects\M112_LB2\process_invoices.py", line 125, in <module>
    analyse_files()
  File "C:\Users\grish\PycharmProjects\M112_LB2\process_invoices.py", line 61, in analyse_files
    raise type(value_error)(str(value_error) + f' in file "{file}"').with_traceback(sys.exc_info()[2])
  File "C:\Users\grish\PycharmProjects\M112_LB2\process_invoices.py", line 59, in analyse_files
    extract_invoice_data(file_content_text)
  File "C:\Users\grish\PycharmProjects\M112_LB2\process_invoices.py", line 97, in extract_invoice_data
    raise value_error
  File "C:\Users\grish\PycharmProjects\M112_LB2\process_invoices.py", line 93, in extract_invoice_data
    file_values['email'] = regex_extractor(file, r'(^[a-zA-Z0-9_.+-]+@[a-zA-Z0-9-]+\.[a-zA-Z0-9-.]+$)', 'Email')
  File "C:\Users\grish\PycharmProjects\M112_LB2\process_invoices.py", line 108, in regex_extractor
    raise ValueNotFoundError(f'Could not find required value "{required}"')
ValueNotFoundError: Could not find required value "Email" in file "rechnung21003.data"
2021-07-06 22:45:37,339 Connecting to server...
2021-07-06 22:45:37,877 Downloading rechnung21003.data
2021-07-06 22:45:38,045 226 Transfer complete
2021-07-06 22:45:38,049 C:\Users\grish\PycharmProjects\M112_LB2\process_invoices.py:105: FutureWarning: Possible nested set at position 23
  result = re.findall(regex, text, flags=re.IGNORECASE)

2021-07-06 23:22:36,742 Connecting to server...
2021-07-06 23:22:37,275 Downloading rechnung21003.data
2021-07-06 23:22:37,453 226 Transfer complete
2021-07-06 23:22:37,459 C:\Users\grish\PycharmProjects\M112_LB2\process_invoices.py:125: FutureWarning: Possible nested set at position 23
  result = re.findall(regex, text, flags=re.IGNORECASE)

2021-07-06 23:22:58,171 Connecting to server...
2021-07-06 23:22:58,599 Downloading rechnung21003.data
2021-07-06 23:22:58,860 226 Transfer complete
2021-07-06 23:22:58,864 C:\Users\grish\PycharmProjects\M112_LB2\process_invoices.py:125: FutureWarning: Possible nested set at position 23
  result = re.findall(regex, text, flags=re.IGNORECASE)

2021-07-06 23:25:38,808 Connecting to server...
2021-07-06 23:25:39,424 Downloading rechnung21003.data
2021-07-06 23:25:39,611 226 Transfer complete
2021-07-06 23:25:39,616 C:\Users\grish\PycharmProjects\M112_LB2\process_invoices.py:124: FutureWarning: Possible nested set at position 23
  result = re.findall(regex, text, flags=re.IGNORECASE)

2021-07-06 23:26:41,682 Connecting to server...
2021-07-06 23:26:42,585 Downloading rechnung21003.data
2021-07-06 23:26:44,629 226 Transfer complete
2021-07-06 23:26:44,633 C:\Users\grish\PycharmProjects\M112_LB2\process_invoices.py:128: FutureWarning: Possible nested set at position 23
  result = re.findall(regex, text, flags=re.IGNORECASE)

2021-07-06 23:27:24,062 Connecting to server...
2021-07-06 23:27:28,398 Downloading rechnung21003.data
2021-07-06 23:27:28,508 226 Transfer complete
2021-07-06 23:27:28,512 C:\Users\grish\PycharmProjects\M112_LB2\process_invoices.py:128: FutureWarning: Possible nested set at position 23
  result = re.findall(regex, text, flags=re.IGNORECASE)

2021-07-08 17:48:29,538 Connecting to server...
2021-07-08 17:48:33,569 Downloading rechnung21003.data
2021-07-08 17:48:34,636 226 Transfer complete
2021-07-08 17:48:34,642 C:\Users\grish\PycharmProjects\M112_LB2\process_invoices.py:129: FutureWarning: Possible nested set at position 23
  result = re.findall(regex, text, flags=re.IGNORECASE)

2021-07-08 17:55:29,663 Connecting to server...
2021-07-08 17:55:34,483 Downloading rechnung21003.data
2021-07-08 17:55:38,303 226 Transfer complete
2021-07-08 17:56:00,870 Connecting to server...
2021-07-08 17:56:08,983 Downloading rechnung21003.data
2021-07-08 17:56:13,746 226 Transfer complete
2021-07-08 17:56:13,746 C:\Users\grish\PycharmProjects\M112_LB2\process_invoices.py:129: FutureWarning: Possible nested set at position 23
  result = re.findall(regex, text, flags=re.IGNORECASE)

2021-07-08 17:59:31,139 Connecting to server...
2021-07-08 17:59:38,263 Downloading rechnung21003.data
2021-07-08 17:59:40,403 226 Transfer complete
2021-07-08 17:59:40,420 C:\Users\grish\PycharmProjects\M112_LB2\process_invoices.py:129: FutureWarning: Possible nested set at position 23
  result = re.findall(regex, text, flags=re.IGNORECASE)

2021-07-08 17:59:40,420 Could not find required value "Sender Address" in file "rechnung21003.data"
Traceback (most recent call last):
  File "C:\Users\grish\PycharmProjects\M112_LB2\process_invoices.py", line 60, in analyse_file
    extract_invoice_data(file_content_text)
  File "C:\Users\grish\PycharmProjects\M112_LB2\process_invoices.py", line 121, in extract_invoice_data
    raise value_error
  File "C:\Users\grish\PycharmProjects\M112_LB2\process_invoices.py", line 86, in extract_invoice_data
    file_values['sender_address'] = regex_extractor(file, r'uHerkunft;[0-9]+;[a-z0-9]+;[a-z הצ]+;([a-z &\-'
  File "C:\Users\grish\PycharmProjects\M112_LB2\process_invoices.py", line 132, in regex_extractor
    raise ValueNotFoundError(f'Could not find required value "{required_name}"')
ValueNotFoundError: Could not find required value "Sender Address"

During handling of the above exception, another exception occurred:

Traceback (most recent call last):
  File "C:\Users\grish\PycharmProjects\M112_LB2\process_invoices.py", line 46, in ftp_download
    analyse_file(file)
  File "C:\Users\grish\PycharmProjects\M112_LB2\process_invoices.py", line 62, in analyse_file
    raise type(value_error)(str(value_error) + f' in file "{filename}"').with_traceback(sys.exc_info()[2])
  File "C:\Users\grish\PycharmProjects\M112_LB2\process_invoices.py", line 60, in analyse_file
    extract_invoice_data(file_content_text)
  File "C:\Users\grish\PycharmProjects\M112_LB2\process_invoices.py", line 121, in extract_invoice_data
    raise value_error
  File "C:\Users\grish\PycharmProjects\M112_LB2\process_invoices.py", line 86, in extract_invoice_data
    file_values['sender_address'] = regex_extractor(file, r'uHerkunft;[0-9]+;[a-z0-9]+;[a-z הצ]+;([a-z &\-'
  File "C:\Users\grish\PycharmProjects\M112_LB2\process_invoices.py", line 132, in regex_extractor
    raise ValueNotFoundError(f'Could not find required value "{required_name}"')
ValueNotFoundError: Could not find required value "Sender Address" in file "rechnung21003.data"
2021-07-08 18:00:15,914 Connecting to server...
2021-07-08 18:00:23,454 Downloading rechnung21003.data
2021-07-08 18:00:23,635 226 Transfer complete
2021-07-08 18:00:23,635 C:\Users\grish\PycharmProjects\M112_LB2\process_invoices.py:129: FutureWarning: Possible nested set at position 23
  result = re.findall(regex, text, flags=re.IGNORECASE)

2021-07-08 18:00:23,650 Could not find required value "Sender Address" in file "rechnung21003.data"
Traceback (most recent call last):
  File "C:\Users\grish\PycharmProjects\M112_LB2\process_invoices.py", line 60, in analyse_file
    extract_invoice_data(file_content_text)
  File "C:\Users\grish\PycharmProjects\M112_LB2\process_invoices.py", line 121, in extract_invoice_data
    raise value_error
  File "C:\Users\grish\PycharmProjects\M112_LB2\process_invoices.py", line 86, in extract_invoice_data
    file_values['sender_address'] = regex_extractor(file, r'uHerkunft;[0-9]+;[a-z0-9]+;[a-z הצ]+;([a-z &\-'
  File "C:\Users\grish\PycharmProjects\M112_LB2\process_invoices.py", line 132, in regex_extractor
    raise ValueNotFoundError(f'Could not find required value "{required_name}"')
ValueNotFoundError: Could not find required value "Sender Address"

During handling of the above exception, another exception occurred:

Traceback (most recent call last):
  File "C:\Users\grish\PycharmProjects\M112_LB2\process_invoices.py", line 46, in ftp_download
    analyse_file(file)
  File "C:\Users\grish\PycharmProjects\M112_LB2\process_invoices.py", line 62, in analyse_file
    raise type(value_error)(str(value_error) + f' in file "{filename}"').with_traceback(sys.exc_info()[2])
  File "C:\Users\grish\PycharmProjects\M112_LB2\process_invoices.py", line 60, in analyse_file
    extract_invoice_data(file_content_text)
  File "C:\Users\grish\PycharmProjects\M112_LB2\process_invoices.py", line 121, in extract_invoice_data
    raise value_error
  File "C:\Users\grish\PycharmProjects\M112_LB2\process_invoices.py", line 86, in extract_invoice_data
    file_values['sender_address'] = regex_extractor(file, r'uHerkunft;[0-9]+;[a-z0-9]+;[a-z הצ]+;([a-z &\-'
  File "C:\Users\grish\PycharmProjects\M112_LB2\process_invoices.py", line 132, in regex_extractor
    raise ValueNotFoundError(f'Could not find required value "{required_name}"')
ValueNotFoundError: Could not find required value "Sender Address" in file "rechnung21003.data"
2021-07-08 21:42:37,785 Connecting to server...
2021-07-08 21:42:58,938 An error occurred
Traceback (most recent call last):
  File "C:\Users\grish\PycharmProjects\M112_LB2\process_invoices.py", line 169, in <module>
    connection_customer = ftp_connect()
  File "C:\Users\grish\PycharmProjects\M112_LB2\process_invoices.py", line 25, in ftp_connect
    ftp = FTP(host='ftp.haraldmueller.ch', user='schoolerinvoices', passwd='Berufsschule8005!')
  File "C:\Python39\lib\ftplib.py", line 121, in __init__
    self.connect(host)
  File "C:\Python39\lib\ftplib.py", line 158, in connect
    self.sock = socket.create_connection((self.host, self.port), self.timeout,
  File "C:\Python39\lib\socket.py", line 843, in create_connection
    raise err
  File "C:\Python39\lib\socket.py", line 831, in create_connection
    sock.connect(sa)
TimeoutError: [WinError 10060] Ein Verbindungsversuch ist fehlgeschlagen, da die Gegenstelle nach einer bestimmten Zeitspanne nicht richtig reagiert hat, oder die hergestellte Verbindung war fehlerhaft, da der verbundene Host nicht reagiert hat
2021-07-08 21:43:18,779 Connecting to server...
2021-07-08 21:43:39,860 An error occurred
Traceback (most recent call last):
  File "C:\Users\grish\PycharmProjects\M112_LB2\process_invoices.py", line 169, in <module>
    connection_customer = ftp_connect()
  File "C:\Users\grish\PycharmProjects\M112_LB2\process_invoices.py", line 25, in ftp_connect
    ftp = FTP(host='ftp.haraldmueller.ch', user='schoolerinvoices', passwd='Berufsschule8005!')
  File "C:\Python39\lib\ftplib.py", line 121, in __init__
    self.connect(host)
  File "C:\Python39\lib\ftplib.py", line 158, in connect
    self.sock = socket.create_connection((self.host, self.port), self.timeout,
  File "C:\Python39\lib\socket.py", line 843, in create_connection
    raise err
  File "C:\Python39\lib\socket.py", line 831, in create_connection
    sock.connect(sa)
TimeoutError: [WinError 10060] Ein Verbindungsversuch ist fehlgeschlagen, da die Gegenstelle nach einer bestimmten Zeitspanne nicht richtig reagiert hat, oder die hergestellte Verbindung war fehlerhaft, da der verbundene Host nicht reagiert hat
2021-07-08 21:46:57,888 Connecting to server...
2021-07-08 21:47:18,975 An error occurred
Traceback (most recent call last):
  File "C:\Users\grish\PycharmProjects\M112_LB2\process_invoices.py", line 169, in <module>
    connection_customer = ftp_connect()
  File "C:\Users\grish\PycharmProjects\M112_LB2\process_invoices.py", line 25, in ftp_connect
    ftp = FTP(host='ftp.haraldmueller.ch', user='schoolerinvoices', passwd='Berufsschule8005!')
  File "C:\Python39\lib\ftplib.py", line 121, in __init__
    self.connect(host)
  File "C:\Python39\lib\ftplib.py", line 158, in connect
    self.sock = socket.create_connection((self.host, self.port), self.timeout,
  File "C:\Python39\lib\socket.py", line 843, in create_connection
    raise err
  File "C:\Python39\lib\socket.py", line 831, in create_connection
    sock.connect(sa)
TimeoutError: [WinError 10060] Ein Verbindungsversuch ist fehlgeschlagen, da die Gegenstelle nach einer bestimmten Zeitspanne nicht richtig reagiert hat, oder die hergestellte Verbindung war fehlerhaft, da der verbundene Host nicht reagiert hat
2021-07-08 21:48:35,801 Connecting to server...
2021-07-08 21:48:56,864 An error occurred
Traceback (most recent call last):
  File "C:\Users\grish\PycharmProjects\M112_LB2\process_invoices.py", line 169, in <module>
    connection_customer = ftp_connect()
  File "C:\Users\grish\PycharmProjects\M112_LB2\process_invoices.py", line 25, in ftp_connect
    ftp = FTP(host='ftp.haraldmueller.ch', user='schoolerinvoices', passwd='Berufsschule8005!')
  File "C:\Python39\lib\ftplib.py", line 121, in __init__
    self.connect(host)
  File "C:\Python39\lib\ftplib.py", line 158, in connect
    self.sock = socket.create_connection((self.host, self.port), self.timeout,
  File "C:\Python39\lib\socket.py", line 843, in create_connection
    raise err
  File "C:\Python39\lib\socket.py", line 831, in create_connection
    sock.connect(sa)
TimeoutError: [WinError 10060] Ein Verbindungsversuch ist fehlgeschlagen, da die Gegenstelle nach einer bestimmten Zeitspanne nicht richtig reagiert hat, oder die hergestellte Verbindung war fehlerhaft, da der verbundene Host nicht reagiert hat
2021-07-08 21:55:25,823 Connecting to server...
2021-07-08 21:55:46,929 An error occurred
Traceback (most recent call last):
  File "C:\Users\grish\PycharmProjects\M112_LB2\process_invoices.py", line 169, in <module>
    connection_customer = ftp_connect()
  File "C:\Users\grish\PycharmProjects\M112_LB2\process_invoices.py", line 25, in ftp_connect
    ftp = FTP(host='ftp.haraldmueller.ch', user='schoolerinvoices', passwd='Berufsschule8005!')
  File "C:\Python39\lib\ftplib.py", line 121, in __init__
    self.connect(host)
  File "C:\Python39\lib\ftplib.py", line 158, in connect
    self.sock = socket.create_connection((self.host, self.port), self.timeout,
  File "C:\Python39\lib\socket.py", line 843, in create_connection
    raise err
  File "C:\Python39\lib\socket.py", line 831, in create_connection
    sock.connect(sa)
TimeoutError: [WinError 10060] Ein Verbindungsversuch ist fehlgeschlagen, da die Gegenstelle nach einer bestimmten Zeitspanne nicht richtig reagiert hat, oder die hergestellte Verbindung war fehlerhaft, da der verbundene Host nicht reagiert hat
2021-07-08 22:10:55,793 Connecting to server...
2021-07-08 22:11:16,916 An error occurred
Traceback (most recent call last):
  File "C:\Users\grish\PycharmProjects\M112_LB2\process_invoices.py", line 179, in <module>
    connection_customer = ftp_connect()
  File "C:\Users\grish\PycharmProjects\M112_LB2\process_invoices.py", line 25, in ftp_connect
    ftp = FTP(host='ftp.haraldmueller.ch', user='schoolerinvoices', passwd='Berufsschule8005!')
  File "C:\Python39\lib\ftplib.py", line 121, in __init__
    self.connect(host)
  File "C:\Python39\lib\ftplib.py", line 158, in connect
    self.sock = socket.create_connection((self.host, self.port), self.timeout,
  File "C:\Python39\lib\socket.py", line 843, in create_connection
    raise err
  File "C:\Python39\lib\socket.py", line 831, in create_connection
    sock.connect(sa)
TimeoutError: [WinError 10060] Ein Verbindungsversuch ist fehlgeschlagen, da die Gegenstelle nach einer bestimmten Zeitspanne nicht richtig reagiert hat, oder die hergestellte Verbindung war fehlerhaft, da der verbundene Host nicht reagiert hat
2021-07-08 22:33:28,463 Connecting to server...
2021-07-08 22:33:49,575 An error occurred
Traceback (most recent call last):
  File "C:\Users\grish\PycharmProjects\M112_LB2\process_invoices.py", line 194, in <module>
    connection_customer = ftp_connect()
  File "C:\Users\grish\PycharmProjects\M112_LB2\process_invoices.py", line 25, in ftp_connect
    ftp = FTP(host='ftp.haraldmueller.ch', user='schoolerinvoices', passwd='Berufsschule8005!')
  File "C:\Python39\lib\ftplib.py", line 121, in __init__
    self.connect(host)
  File "C:\Python39\lib\ftplib.py", line 158, in connect
    self.sock = socket.create_connection((self.host, self.port), self.timeout,
  File "C:\Python39\lib\socket.py", line 843, in create_connection
    raise err
  File "C:\Python39\lib\socket.py", line 831, in create_connection
    sock.connect(sa)
TimeoutError: [WinError 10060] Ein Verbindungsversuch ist fehlgeschlagen, da die Gegenstelle nach einer bestimmten Zeitspanne nicht richtig reagiert hat, oder die hergestellte Verbindung war fehlerhaft, da der verbundene Host nicht reagiert hat
2021-07-08 23:00:06,368 Connecting to server...
2021-07-08 23:00:27,447 An error occurred
Traceback (most recent call last):
  File "C:\Users\grish\PycharmProjects\M112_LB2\process_invoices.py", line 192, in <module>
    connection_customer = ftp_connect()
  File "C:\Users\grish\PycharmProjects\M112_LB2\process_invoices.py", line 25, in ftp_connect
    ftp = FTP(host='ftp.haraldmueller.ch', user='schoolerinvoices', passwd='Berufsschule8005!')
  File "C:\Python39\lib\ftplib.py", line 121, in __init__
    self.connect(host)
  File "C:\Python39\lib\ftplib.py", line 158, in connect
    self.sock = socket.create_connection((self.host, self.port), self.timeout,
  File "C:\Python39\lib\socket.py", line 843, in create_connection
    raise err
  File "C:\Python39\lib\socket.py", line 831, in create_connection
    sock.connect(sa)
TimeoutError: [WinError 10060] Ein Verbindungsversuch ist fehlgeschlagen, da die Gegenstelle nach einer bestimmten Zeitspanne nicht richtig reagiert hat, oder die hergestellte Verbindung war fehlerhaft, da der verbundene Host nicht reagiert hat
2021-07-08 23:11:13,580 Connecting to server...
2021-07-08 23:11:34,704 An error occurred
Traceback (most recent call last):
  File "C:\Users\grish\PycharmProjects\M112_LB2\process_invoices.py", line 193, in <module>
    connection_customer = ftp_connect()
  File "C:\Users\grish\PycharmProjects\M112_LB2\process_invoices.py", line 24, in ftp_connect
    ftp = FTP(host='ftp.haraldmueller.ch', user='schoolerinvoices', passwd='Berufsschule8005!')
  File "C:\Python39\lib\ftplib.py", line 121, in __init__
    self.connect(host)
  File "C:\Python39\lib\ftplib.py", line 158, in connect
    self.sock = socket.create_connection((self.host, self.port), self.timeout,
  File "C:\Python39\lib\socket.py", line 843, in create_connection
    raise err
  File "C:\Python39\lib\socket.py", line 831, in create_connection
    sock.connect(sa)
TimeoutError: [WinError 10060] Ein Verbindungsversuch ist fehlgeschlagen, da die Gegenstelle nach einer bestimmten Zeitspanne nicht richtig reagiert hat, oder die hergestellte Verbindung war fehlerhaft, da der verbundene Host nicht reagiert hat
